[Bootstrap]
SetupTitle=Install
SetupText=Copying Files, please stand by.
CabFile=GPJAnnotator.CAB
Spawn=Setup1.exe
Uninstal=st6unst.exe
TmpDir=msftqws.pdw
Cabs=1

[Bootstrap Files]
File1=@VB6STKIT.DLL,$(WinSysPathSysFile),,,7/15/00 12:00:00 AM,101888,6.0.84.50
File2=@COMCAT.DLL,$(WinSysPathSysFile),$(DLLSelfRegister),,5/31/98 12:00:00 AM,22288,4.71.1460.1
File3=@STDOLE2.TLB,$(WinSysPathSysFile),$(TLBRegister),,6/3/99 12:00:00 AM,17920,2.40.4275.1
File4=@OLEAUT32.DLL,$(WinSysPathSysFile),$(DLLSelfRegister),,4/12/00 12:00:00 AM,598288,2.40.4275.1
File5=@ASYCFILT.DLL,$(WinSysPathSysFile),,,3/8/99 12:00:00 AM,147728,2.40.4275.1
File6=@OLEPRO32.DLL,$(WinSysPathSysFile),$(DLLSelfRegister),,3/8/99 12:00:00 AM,164112,5.0.4275.1
File7=@msvbvm60.dll,$(WinSysPathSysFile),$(DLLSelfRegister),,8/4/04 3:56:43 AM,1392671,6.0.96.90

[IconGroups]
Group0=GPJ Applications
PrivateGroup0=0
Parent0=$(Programs)

[GPJ Applications]
Icon1="GPJAnnotator.exe"
Title1=GPJ Annotator
StartIn1=$(AppPath)

[Setup]
Title=GPJAnnotator
DefaultDir=$(ProgramFiles)\GPJAnnotator2
AppExe=GPJAnnotator.exe
AppToUninstall=GPJAnnotator.exe

[Setup1 Files]
File1=@aghypertext.ocx,$(WinSysPath),$(DLLSelfRegister),$(Shared),7/16/00 9:22:32 PM,57344,1.0.0.57
File2=@MSCOMCT2.OCX,$(WinSysPath),$(DLLSelfRegister),$(Shared),5/22/00 12:00:00 AM,647872,6.0.88.4
File3=@MSCAL.OCX,$(WinSysPath),$(DLLSelfRegisterEx),$(Shared),6/26/98 12:00:00 AM,89600,8.0.0.5007
File4=@RICHED32.DLL,$(WinSysPathSysFile),,,5/7/98 12:00:00 AM,174352,4.0.993.4
File5=@Richtx32.ocx,$(WinSysPath),$(DLLSelfRegister),$(Shared),5/22/00 12:00:00 AM,203976,6.0.88.4
File6=@TABCTL32.OCX,$(WinSysPath),$(DLLSelfRegister),$(Shared),12/6/00 12:00:00 AM,209608,6.0.90.43
File7=@COMDLG32.OCX,$(WinSysPath),$(DLLSelfRegister),$(Shared),5/22/00 12:00:00 AM,140488,6.0.84.18
File8=@MSFLXGRD.OCX,$(WinSysPath),$(DLLSelfRegister),$(Shared),5/6/99 11:00:00 PM,244232,6.0.84.18
File9=@MSCOMCTL.OCX,$(WinSysPath),$(DLLSelfRegister),$(Shared),12/20/02 2:02:44 PM,1077336,6.1.95.45
File10=@ACTIVEDS.TLB,$(WinSysPath),$(DLLSelfRegister),$(Shared),8/29/02 6:00:00 AM,111104,5.1.2600.0
File11=@XpdfViewerCtrl.ocx,$(WinSysPath),$(DLLSelfRegister),$(Shared),7/6/05 3:45:10 PM,1611552,3.0.31.0
File12=@domobj.tlb,$(WinSysPath),$(TLBRegister),$(Shared),1/9/04 3:35:20 AM,212892,0.0.0.0
File13=@msvcrt.dll,$(WinSysPathSysFile),,,8/4/04 3:56:43 AM,343040,7.0.2600.2180
File14=@scrrun.dll,$(WinSysPath),$(DLLSelfRegister),$(Shared),8/4/04 3:56:44 AM,151552,5.6.0.8820
File15=@wmp.dll,$(WinSysPath),$(DLLSelfRegister),$(Shared),9/22/04 7:46:16 PM,5550080,10.0.0.3646
File16=@VBCore.dll,$(WinSysPath),$(DLLSelfRegister),$(Shared),6/14/97 8:15:50 AM,643584,1.0.0.0
File17=@imagr5.dll,$(WinSysPath),,$(Shared),7/6/01 1:41:30 PM,569344,5.0.0.304
File18=@picn20.dll,$(WinSysPath),,$(Shared),2/10/02 2:58:44 PM,42496,1.0.0.72
File19=@imagx5.dll,$(WinSysPath),,$(Shared),7/6/01 11:44:46 AM,544768,1.0.0.0
File20=@ImagXpr5.dll,$(WinSysPath),$(DLLSelfRegister),$(Shared),7/6/01 5:24:18 PM,283920,1.0.0.0
File21=@avviewx.dll,$(WinSysPath),,$(Shared),10/30/99 2:36:02 PM,299008,2000.15.42.129
File22=@msado25.tlb,$(WinSysPath),,$(Shared),8/4/04 1:21:43 AM,81920,2.81.1117.0
File23=@netwin32.dll,$(WinSysPath),,$(Shared),7/26/05 8:18:48 PM,275456,6.0.2.0
File24=@calwin32.dll,$(WinSysPath),,$(Shared),7/26/05 8:17:50 PM,158720,6.0.2.0
File25=@GPJAnnotator.exe,$(AppPath),,,10/2/06 12:56:49 PM,12017664,1.0.0.327

; The following lines may be deleted in order to obtain extra 
; space for customizing this file on a full installation diskette.
; 
; XXXXXXXXXXXXXXXXXXXXXXXXXXXXXXXXXXXXXXXXXXXXXXXXXXXXXXXXXXXX
; XXXXXXXXXXXXXXXXXXXXXXXXXXXXXXXXXXXXXXXXXXXXXXXXXXXXXXXXXXXX
; XXXXXXXXXXXXXXXXXXXXXXXXXXXXXXXXXXXXXXXXXXXXXXXXXXXXXXXXXXXX
; XXXXXXXXXXXXXXXXXXXXXXXXXXXXXXXXXXXXXXXXXXXXXXXXXXXXXXXXXXXX
; XXXXXXXXXXXXXXXXXXXXXXXXXXXXXXXXXXXXXXXXXXXXXXXXXXXXXXXXXXXX
; XXXXXXXXXXXXXXXXXXXXXXXXXXXXXXXXXXXXXXXXXXXXXXXXXXXXXXXXXXXX
; XXXXXXXXXXXXXXXXXXXXXXXXXXXXXXXXXXXXXXXXXXXXXXXXXXXXXXXXXXXX
; XXXXXXXXXXXXXXXXXXXXXXXXXXXXXXXXXXXXXXXXXXXXXXXXXXXXXXXXXXXX
; XXXXXXXXXXXXXXXXXXXXXXXXXXXXXXXXXXXXXXXXXXXXXXXXXXXXXXXXXXXX
; XXXXXXXXXXXXXXXXXXXXXXXXXXXXXXXXXXXXXXXXXXXXXXXXXXXXXXXXXXXX
; XXXXXXXXXXXXXXXXXXXXXXXXXXXXXXXXXXXXXXXXXXXXXXXXXXXXXXXXXXXX
; XXXXXXXXXXXXXXXXXXXXXXXXXXXXXXXXXXXXXXXXXXXXXXXXXXXXXXXXXXXX
; XXXXXXXXXXXXXXXXXXXXXXXXXXXXXXXXXXXXXXXXXXXXXXXXXXXXXXXXXXXX
; XXXXXXXXXXXXXXXXXXXXXXXXXXXXXXXXXXXXXXXXXXXXXXXXXXXXXXXXXXXX
; XXXXXXXXXXXXXXXXXXXXXXXXXXXXXXXXXXXXXXXXXXXXXXXXXXXXXXXXXXXX
; XXXXXXXXXXXXXXXXXXXXXXXXXXXXXXXXXXXXXXXXXXXXXXXXXXXXXXXXXXXX
; XXXXXXXXXXXXXXXXXXXXXXXXXXXXXXXXXXXXXXXXXXXXXXXXXXXXXXXXXXXX
; XXXXXXXXXXXXXXXXXXXXXXXXXXXXXXXXXXXXXXXXXXXXXXXXXXXXXXXXXXXX
; XXXXXXXXXXXXXXXXXXXXXXXXXXXXXXXXXXXXXXXXXXXXXXXXXXXXXXXXXXXX
; XXXXXXXXXXXXXXXXXXXXXXXXXXXXXXXXXXXXXXXXXXXXXXXXXXXXXXXXXXXX
; XXXXXXXXXXXXXXXXXXXXXXXXXXXXXXXXXXXXXXXXXXXXXXXXXXXXXXXXXXXX
; XXXXXXXXXXXXXXXXXXXXXXXXXXXXXXXXXXXXXXXXXXXXXXXXXXXXXXXXXXXX
; XXXXXXXXXXXXXXXXXXXXXXXXXXXXXXXXXXXXXXXXXXXXXXXXXXXXXXXXXXXX
; XXXXXXXXXXXXXXXXXXXXXXXXXXXXXXXXXXXXXXXXXXXXXXXXXXXXXXXXXXXX
; XXXXXXXXXXXXXXXXXXXXXXXXXXXXXXXXXXXXXXXXXXXXXXXXXXXXXXXXXXXX
; XXXXXXXXXXXXXXXXXXXXXXXXXXXXXXXXXXXXXXXXXXXXXXXXXXXXXXXXXXXX
; XXXXXXXXXXXXXXXXXXXXXXXXXXXXXXXXXXXXXXXXXXXXXXXXXXXXXXXXXXXX
; XXXXXXXXXXXXXXXXXXXXXXXXXXXXXXXXXXXXXXXXXXXXXXXXXXXXXXXXXXXX
; XXXXXXXXXXXXXXXXXXXXXXXXXXXXXXXXXXXXXXXXXXXXXXXXXXXXXXXXXXXX
; XXXXXXXXXXXXXXXXXXXXXXXXXXXXXXXXXXXXXXXXXXXXXXXXXXXXXXXXXXXX
; XXXXXXXXXXXXXXXXXXXXXXXXXXXXXXXXXXXXXXXXXXXXXXXXXXXXXXXXXXXX
; XXXXXXXXXXXXXXXXXXXXXXXXXXXXXXXXXXXXXXXXXXXXXXXXXXXXXXXXXXXX
; XXXXXXXXXXXXXXXXXXXXXXXXXXXXXXXXXXXXXXXXXXXXXXXXXXXXXXXXXXXX
; XXXXXXXXXXXXXXXXXXXXXXXXXXXXXXXXXXXXXXXXXXXXXXXXXXXXXXXXXXXX
; XXXXXXXXXXXXXXXXXXXXXXXXXXXXXXXXXXXXXXXXXXXXXXXXXXXXXXXXXXXX
